#################################################################
# If you used AutoSite in your work, please cite:               #
#                                                               #
# Pradeep Anand Ravindranath and Michel F. Sanner               #
#                                                               #
# AutoSite: an automated approach for pseudoligands             #
# prediction - From ligand binding sites identification to      #
# predicting key ligand atoms                                   #
#                                                               #
# Bioinformatics (2016)                                         #
#                                                               #
# DOI: 10.1093/bioinformatics/btw367                            #
#                                                               #
# Please see http://adfr.scripps.edu/AutoDockFR/autosite.html   #
# for more information                                          #
#################################################################

AutoSite v1.0.0 started on bio502-134 a Linux-6.8.0-40-generic-x86_64-with-debian-bookworm-sid computer
Date Wed Apr 23 17:06:20 2025
computing maps ....
clustering high affinity points ... 
analysing 44 clusters ... 
saving 44 clusters and associated feature points in folder receptor

clust.| Energy| # of |Rad. of | energy |   bns    |score   |Feature Points
number|       |points|gyration|per vol.|buriedness|v*b^1.5 | D | A | Other
------+-------+------+--------+--------+----------+--------+---+---+------
    1  -152.79   268    4.64    -0.57     0.916     48.42    9  10   10
    2  -190.19   323    5.53    -0.59     0.904     47.77   11  10   12
    3  -203.70   402    6.87    -0.51     0.898     47.20    9   8   20
    4  -166.21   375    6.29    -0.44     0.885     46.72    9   5   21
    5  -174.34   399    6.57    -0.44     0.877     46.70   11   8   22
    6  -132.31   207    4.88    -0.64     0.981     40.82    7   9    8
    7  -121.27   272    5.31    -0.45     0.859     37.74    9   5   15
    8  -113.83   239    4.78    -0.48     0.869     37.71    8   5   12
    9   -83.98   184    3.59    -0.46     0.839     36.07    5   5    9
   10  -119.00   242    4.92    -0.49     0.855     35.95    6   7   11
   11   -89.55   197    3.91    -0.45     0.834     35.07    4   5   11
   12  -112.95   214    4.74    -0.53     0.862     33.55    4   6    9
   13   -89.20   186    4.12    -0.48     0.845     32.22    5   7    9
   14   -88.85   106    3.41    -0.84     0.987     30.30    5   7    4
   15   -76.34    94    3.19    -0.81     0.986     28.68    6   5    5
   16   -65.68   123    3.26    -0.53     0.870     28.57    4   6    5
   17   -65.14   174    3.94    -0.37     0.801     28.32    5   0   10
   18   -67.97    97    3.17    -0.70     0.957     28.00    6   6    2
   19   -71.55   148    3.95    -0.48     0.858     27.60    5   7    7
   20   -58.27   146    3.53    -0.40     0.813     27.31    3   2    9
   21   -59.63   114    3.14    -0.52     0.864     27.16    2   5    5
   22   -60.25    82    2.90    -0.73     0.976     26.90    5   6   14
   23   -59.71   142    3.50    -0.42     0.811     26.70    3   2    8
   24   -61.34   126    3.58    -0.49     0.871     26.69    4   6    6
   25   -61.36    72    2.71    -0.85     0.995     26.33    7   5    1
   26   -55.05   128    3.40    -0.43     0.833     26.12    2   3    7
   27   -56.06   151    3.74    -0.37     0.804     26.06    6   1    9
   28   -55.43   128    3.34    -0.43     0.823     25.93    2   2    7
   29   -58.84   115    3.41    -0.51     0.861     25.00    4   2    5
   30   -54.24   105    3.17    -0.52     0.868     24.92    2   5    5
   31   -62.00    70    2.79    -0.89     0.995     24.88    8   6    1
   32   -54.45   142    3.75    -0.38     0.808     24.73    3   4    8
   33   -46.13    99    2.98    -0.47     0.857     24.45    4   2    5
   34   -40.61   106    3.06    -0.38     0.836     24.19    4   1    6
   35   -41.55   107    3.12    -0.39     0.835     23.92    4   1    6
   36   -52.61   130    3.73    -0.40     0.825     23.74    2   3    7
   37   -49.65   109    3.43    -0.46     0.861     23.61    5   5    5
   38   -47.65   132    3.35    -0.36     0.771     23.47    3   3    7
   39   -55.13   126    3.70    -0.44     0.829     23.36    2   2    7
   40   -48.89   107    3.56    -0.46     0.876     23.08    3   3    5
   41   -46.86    98    3.00    -0.48     0.840     23.02    5   4    4
   42   -42.58    84    2.88    -0.51     0.883     22.72    3   3    4
   43   -52.53    91    3.21    -0.58     0.894     22.64    5   4    3
   44   -36.97    90    3.02    -0.41     0.866     22.40    3   1    5
AutoSite identified and characterized 44 clusters in 20.82 seconds, i.e. 0 hours 00 minutes 20.824516 seconds 
